Running as unit: aletharsis-g2-verifier-rebuild.service
   Compiling proc-macro2 v1.0.107
   Compiling quote v1.0.47
   Compiling unicode-ident v1.0.24
   Compiling syn v2.0.119
   Compiling zeroize v1.9.0
   Compiling const-oid v0.9.6
   Compiling libc v0.2.189
   Compiling cfg-if v1.0.4
   Compiling version_check v0.9.5
   Compiling generic-array v0.14.9
   Compiling subtle v2.6.1
   Compiling getrandom v0.2.17
   Compiling typenum v1.20.1
   Compiling base64ct v1.8.3
   Compiling pem-rfc7468 v0.7.0
   Compiling der_derive v0.7.3
   Compiling flagset v0.4.7
   Compiling der v0.7.10
   Compiling syn v3.0.3
   Compiling spki v0.7.3
   Compiling synstructure v0.13.2
   Compiling crypto-common v0.1.6
   Compiling block-buffer v0.10.4
   Compiling rand_core v0.6.4
   Compiling digest v0.10.7
   Compiling zerofrom-derive v0.1.7
   Compiling zerofrom v0.1.8
   Compiling yoke-derive v0.8.2
   Compiling stable_deref_trait v1.2.1
   Compiling yoke v0.8.3
   Compiling zerovec-derive v0.11.3
   Compiling zerovec v0.11.6
   Compiling pkcs8 v0.10.2
   Compiling displaydoc v0.2.7
   Compiling tinystr v0.8.3
   Compiling hmac v0.12.1
   Compiling find-msvc-tools v0.1.9
   Compiling litemap v0.8.2
   Compiling shlex v2.0.1
   Compiling writeable v0.6.3
   Compiling icu_locale_core v2.2.0
   Compiling cc v1.4.0
   Compiling zerotrie v0.2.4
   Compiling potential_utf v0.1.5
   Compiling signature v2.2.0
   Compiling ff v0.13.1
   Compiling icu_normalizer_data v2.2.0
   Compiling smallvec v1.15.2
   Compiling utf8_iter v1.0.4
   Compiling libm v0.2.16
   Compiling autocfg v1.5.1
   Compiling base16ct v0.2.0
   Compiling cpufeatures v0.2.17
   Compiling icu_properties_data v2.2.0
   Compiling zerocopy v0.8.55
   Compiling sec1 v0.7.3
   Compiling num-traits v0.2.19
   Compiling icu_collections v2.2.0
   Compiling group v0.13.0
   Compiling icu_provider v2.2.0
   Compiling ring v0.17.14
   Compiling hkdf v0.12.4
   Compiling crypto-bigint v0.5.5
   Compiling elliptic-curve v0.13.8
   Compiling sha2 v0.10.9
   Compiling rustls-pki-types v1.15.1
   Compiling serde_core v1.0.229
   Compiling semver v1.0.28
   Compiling rustc_version v0.4.1
   Compiling ppv-lite86 v0.2.21
   Compiling icu_properties v2.2.0
   Compiling icu_normalizer v2.2.0
   Compiling rfc6979 v0.4.0
   Compiling x509-cert v0.2.5
   Compiling untrusted v0.9.0
   Compiling zmij v1.0.23
   Compiling cms v0.2.3
   Compiling ecdsa v0.16.9
   Compiling idna_adapter v1.2.2
   Compiling num-integer v0.1.46
   Compiling rand_chacha v0.3.1
   Compiling curve25519-dalek v4.1.3
   Compiling primeorder v0.13.6
   Compiling percent-encoding v2.3.2
   Compiling serde_json v1.0.151
   Compiling num-bigint-dig v0.8.6
   Compiling serde v1.0.229
   Compiling hashbrown v0.17.1
   Compiling itoa v1.0.18
   Compiling rustls v0.23.43
   Compiling tinyvec_macros v0.1.1
   Compiling spin v0.9.9
   Compiling equivalent v1.0.2
   Compiling indexmap v2.14.0
   Compiling lazy_static v1.5.0
   Compiling tinyvec v1.12.0
   Compiling form_urlencoded v1.2.2
   Compiling rand v0.8.7
   Compiling num-iter v0.1.46
   Compiling idna v1.1.0
   Compiling crmf v0.2.0
   Compiling rustls-webpki v0.103.13
   Compiling webpki-roots v1.0.9
   Compiling serde_derive v1.0.229
   Compiling curve25519-dalek-derive v0.1.1
   Compiling utf8parse v0.2.2
   Compiling thiserror v2.0.19
   Compiling base64 v0.22.1
   Compiling log v0.4.33
   Compiling once_cell v1.21.4
   Compiling memchr v2.8.3
   Compiling powerfmt v0.2.0
   Compiling deranged v0.5.8
   Compiling anstyle-parse v1.0.0
   Compiling webpki-roots v0.26.11
   Compiling cmpv2 v0.2.0
   Compiling url v2.5.8
   Compiling unicode-normalization v0.1.25
   Compiling ed25519 v2.2.3
   Compiling pkcs1 v0.7.5
   Compiling thiserror-impl v2.0.19
   Compiling num-conv v0.2.2
   Compiling colorchoice v1.0.5
   Compiling anstyle v1.0.14
   Compiling anstyle-query v1.1.5
   Compiling is_terminal_polyfill v1.70.2
   Compiling adler2 v2.0.1
   Compiling time-core v0.1.8
   Compiling time v0.3.47
   Compiling miniz_oxide v0.8.9
   Compiling anstream v1.0.0
   Compiling rsa v0.9.10
   Compiling ed25519-dalek v2.2.0
   Compiling c2pa-text v3.0.0
   Compiling ureq v2.12.1
   Compiling x509-tsp v0.1.0
   Compiling p384 v0.13.1
   Compiling p256 v0.13.2
   Compiling p521 v0.13.3
   Compiling hex v0.4.3
   Compiling heck v0.5.0
   Compiling strsim v0.11.1
   Compiling clap_lex v1.1.0
   Compiling clap_builder v4.6.5
   Compiling clap_derive v4.6.4
   Compiling encypher-c2pa v1.0.6 (/source/crates/encypher-c2pa)
   Compiling clap v4.6.5
   Compiling encypher-c2pa-cli v1.0.6 (/source/crates/encypher-c2pa-cli)
   Compiling encypher-c2pa-ffi v1.0.6 (/source/bindings/c)
    Finished `release` profile [optimized] target(s) in 2m 28s
          Finished with result: success
Main processes terminated with: code=exited, status=0/SUCCESS
               Service runtime: 2min 28.991s
             CPU time consumed: 2min 2.918s
                   Memory peak: 647.3M (swap: 0B)
