Running as unit: run-p3211777-i3136961.service; invocation ID: 8f95f5f557fa401c98fb8bca6777422a
	Command being timed: "env GOTOOLCHAIN=local GOCACHE=/tmp/aletharsis-go-cache GOMODCACHE=/tmp/aletharsis-gomodcache GOPROXY=off GOSUMDB=off /tmp/aletharsis-go-toolchain/go/bin/go build -p=1 -trimpath -o /tmp/aletharsis-unicode-study/aletharsis ./cmd/aletharsis"
	User time (seconds): 9.38
	System time (seconds): 0.89
	Percent of CPU this job got: 95%
	Elapsed (wall clock) time (h:mm:ss or m:ss): 0:10.76
	Average shared text size (kbytes): 0
	Average unshared data size (kbytes): 0
	Average stack size (kbytes): 0
	Average total size (kbytes): 0
	Maximum resident set size (kbytes): 264960
	Average resident set size (kbytes): 0
	Major (requiring I/O) page faults: 0
	Minor (reclaiming a frame) page faults: 153181
	Voluntary context switches: 22896
	Involuntary context switches: 1146
	Swaps: 0
	File system inputs: 0
	File system outputs: 128
	Socket messages sent: 0
	Socket messages received: 0
	Signals delivered: 0
	Page size (bytes): 4096
	Exit status: 0
          Finished with result: success
Main processes terminated with: code=exited, status=0/SUCCESS
               Service runtime: 10.768s
             CPU time consumed: 10.292s
                   Memory peak: 306.7M (swap: 0B)
