Running as unit: aletharsis-pr54-review-build-ok.service
	Command being timed: "/usr/bin/env PATH=/tmp/go/bin:/usr/bin GOCACHE=/tmp/aletharsis-go-cache GOPROXY=off GOSUMDB=off GOTOOLCHAIN=local /tmp/go/bin/go build -p=1 -trimpath -o /tmp/aletharsis-pr54-study/aletharsis ./cmd/aletharsis"
	User time (seconds): 9.10
	System time (seconds): 0.84
	Percent of CPU this job got: 95%
	Elapsed (wall clock) time (h:mm:ss or m:ss): 0:10.39
	Average shared text size (kbytes): 0
	Average unshared data size (kbytes): 0
	Average stack size (kbytes): 0
	Average total size (kbytes): 0
	Maximum resident set size (kbytes): 275636
	Average resident set size (kbytes): 0
	Major (requiring I/O) page faults: 0
	Minor (reclaiming a frame) page faults: 144858
	Voluntary context switches: 21584
	Involuntary context switches: 1255
	Swaps: 0
	File system inputs: 0
	File system outputs: 104
	Socket messages sent: 0
	Socket messages received: 0
	Signals delivered: 0
	Page size (bytes): 4096
	Exit status: 0
          Finished with result: success
Main processes terminated with: code=exited, status=0/SUCCESS
               Service runtime: 10.395s
             CPU time consumed: 9.956s
                   Memory peak: 288.9M (swap: 0B)
