Running as unit: run-p3534293-i3544337.service; invocation ID: 6096a10278914a6bb53a99d99323a0a4
	Command being timed: "/home/todd/.local/share/uv/python/cpython-3.12.13-linux-x86_64-gnu/bin/python3.12 /tmp/aletharsis-unicode-differential/experiments/unicode-differential/run_cases.py --juriku /tmp/aletharsis-unicode-study/reproduction-inputs/juriku/hidden-characters-detector-c75a379a181750eab788cf2eb668109caa8b88e6 --hiberius /tmp/aletharsis-unicode-study/reproduction-inputs/hiberius/hiberius-unicode-toolkit-1d86b8d951fca3cd7efbe637267f57e391dd7570 --emoji /tmp/aletharsis-unicode-study/reproduction-inputs/emoji --python /home/todd/.local/share/uv/python/cpython-3.12.13-linux-x86_64-gnu --binary /tmp/aletharsis-unicode-study/aletharsis --output /tmp/aletharsis-unicode-study/review3"
	User time (seconds): 0.14
	System time (seconds): 0.15
	Percent of CPU this job got: 8%
	Elapsed (wall clock) time (h:mm:ss or m:ss): 0:03.51
	Average shared text size (kbytes): 0
	Average unshared data size (kbytes): 0
	Average stack size (kbytes): 0
	Average total size (kbytes): 0
	Maximum resident set size (kbytes): 75084
	Average resident set size (kbytes): 0
	Major (requiring I/O) page faults: 2
	Minor (reclaiming a frame) page faults: 22478
	Voluntary context switches: 949
	Involuntary context switches: 46
	Swaps: 0
	File system inputs: 111008
	File system outputs: 0
	Socket messages sent: 0
	Socket messages received: 0
	Signals delivered: 0
	Page size (bytes): 4096
	Exit status: 0
          Finished with result: success
Main processes terminated with: code=exited, status=0/SUCCESS
               Service runtime: 3.516s
             CPU time consumed: 2.732s
                   Memory peak: 108.1M (swap: 0B)
