Running as unit: run-p3534991-i3560191.service; invocation ID: 58942956db6e4e778ea2f8a391f80638
	Command being timed: "/home/todd/.local/share/uv/python/cpython-3.12.13-linux-x86_64-gnu/bin/python3.12 /tmp/aletharsis-unicode-differential/experiments/unicode-differential/run_cases.py --juriku /tmp/aletharsis-unicode-study/reproduction-inputs/juriku/hidden-characters-detector-c75a379a181750eab788cf2eb668109caa8b88e6 --hiberius /tmp/aletharsis-unicode-study/reproduction-inputs/hiberius/hiberius-unicode-toolkit-1d86b8d951fca3cd7efbe637267f57e391dd7570 --emoji /tmp/aletharsis-unicode-study/reproduction-inputs/emoji --python /home/todd/.local/share/uv/python/cpython-3.12.13-linux-x86_64-gnu --binary /tmp/aletharsis-unicode-study/aletharsis --output /tmp/aletharsis-unicode-study/review4"
	User time (seconds): 0.13
	System time (seconds): 0.16
	Percent of CPU this job got: 8%
	Elapsed (wall clock) time (h:mm:ss or m:ss): 0:03.50
	Average shared text size (kbytes): 0
	Average unshared data size (kbytes): 0
	Average stack size (kbytes): 0
	Average total size (kbytes): 0
	Maximum resident set size (kbytes): 75376
	Average resident set size (kbytes): 0
	Major (requiring I/O) page faults: 0
	Minor (reclaiming a frame) page faults: 21451
	Voluntary context switches: 748
	Involuntary context switches: 36
	Swaps: 0
	File system inputs: 0
	File system outputs: 0
	Socket messages sent: 0
	Socket messages received: 0
	Signals delivered: 0
	Page size (bytes): 4096
	Exit status: 0
          Finished with result: success
Main processes terminated with: code=exited, status=0/SUCCESS
               Service runtime: 3.513s
             CPU time consumed: 2.705s
                   Memory peak: 62.8M (swap: 0B)
